0 verbose cli /Users/salvo/.nvm/versions/node/v24.13.0/bin/node /Users/salvo/.nvm/versions/node/v24.13.0/bin/npm
1 info using npm@11.6.2
2 info using node@v24.13.0
3 silly config load:file:/Users/salvo/.nvm/versions/node/v24.13.0/lib/node_modules/npm/npmrc
4 silly config load:file:/Users/salvo/Development/Role_Mining/frontend/.npmrc
5 silly config load:file:/Users/salvo/.npmrc
6 silly config load:file:/Users/salvo/.nvm/versions/node/v24.13.0/etc/npmrc
7 verbose title npm audit
8 verbose argv "audit" "--omit" "dev" "--json"
9 verbose logfile logs-max:10 dir:/Users/salvo/Development/Role_Mining/compliance/.cache/npm/_logs/2026-02-25T16_33_10_702Z-
10 verbose logfile /Users/salvo/Development/Role_Mining/compliance/.cache/npm/_logs/2026-02-25T16_33_10_702Z-debug-0.log
11 silly logfile done cleaning log files
12 silly packumentCache heap:2348810240 maxSize:587202560 maxEntrySize:293601280
13 silly audit bulk request {
13 silly audit   '@babel/code-frame': [ '7.28.6' ],
13 silly audit   '@babel/generator': [ '7.28.6' ],
13 silly audit   '@babel/helper-globals': [ '7.28.0' ],
13 silly audit   '@babel/helper-module-imports': [ '7.28.6' ],
13 silly audit   '@babel/helper-string-parser': [ '7.27.1' ],
13 silly audit   '@babel/helper-validator-identifier': [ '7.28.5' ],
13 silly audit   '@babel/parser': [ '7.28.6' ],
13 silly audit   '@babel/runtime': [ '7.28.6' ],
13 silly audit   '@babel/template': [ '7.28.6' ],
13 silly audit   '@babel/traverse': [ '7.28.6' ],
13 silly audit   '@babel/types': [ '7.28.6' ],
13 silly audit   '@choojs/findup': [ '0.2.1' ],
13 silly audit   '@emotion/babel-plugin': [ '11.13.5' ],
13 silly audit   'convert-source-map': [ '1.9.0' ],
13 silly audit   'source-map': [ '0.5.7', '0.6.1' ],
13 silly audit   '@emotion/cache': [ '11.14.0' ],
13 silly audit   '@emotion/hash': [ '0.9.2' ],
13 silly audit   '@emotion/memoize': [ '0.9.0' ],
13 silly audit   '@emotion/react': [ '11.14.0' ],
13 silly audit   '@emotion/serialize': [ '1.3.3' ],
13 silly audit   '@emotion/sheet': [ '1.4.0' ],
13 silly audit   '@emotion/unitless': [ '0.10.0' ],
13 silly audit   '@emotion/use-insertion-effect-with-fallbacks': [ '1.2.0' ],
13 silly audit   '@emotion/utils': [ '1.4.2' ],
13 silly audit   '@emotion/weak-memoize': [ '0.4.0' ],
13 silly audit   '@floating-ui/core': [ '1.7.3' ],
13 silly audit   '@floating-ui/dom': [ '1.7.4' ],
13 silly audit   '@floating-ui/utils': [ '0.2.10' ],
13 silly audit   '@jridgewell/gen-mapping': [ '0.3.13' ],
13 silly audit   '@jridgewell/resolve-uri': [ '3.1.2' ],
13 silly audit   '@jridgewell/sourcemap-codec': [ '1.5.5' ],
13 silly audit   '@jridgewell/trace-mapping': [ '0.3.31' ],
13 silly audit   '@mapbox/geojson-rewind': [ '0.5.2' ],
13 silly audit   '@mapbox/geojson-types': [ '1.0.2' ],
13 silly audit   '@mapbox/jsonlint-lines-primitives': [ '2.0.2' ],
13 silly audit   '@mapbox/mapbox-gl-supported': [ '1.5.0' ],
13 silly audit   '@mapbox/point-geometry': [ '0.1.0' ],
13 silly audit   '@mapbox/tiny-sdf': [ '1.2.5', '2.0.7' ],
13 silly audit   '@mapbox/unitbezier': [ '0.0.0', '0.0.1' ],
13 silly audit   '@mapbox/vector-tile': [ '1.3.1' ],
13 silly audit   '@mapbox/whoots-js': [ '3.1.0' ],
13 silly audit   '@maplibre/maplibre-gl-style-spec': [ '20.4.0' ],
13 silly audit   tinyqueue: [ '3.0.0', '2.0.3' ],
13 silly audit   '@plotly/d3': [ '3.8.2' ],
13 silly audit   '@plotly/d3-sankey': [ '0.7.2' ],
13 silly audit   '@plotly/d3-sankey-circular': [ '0.33.1' ],
13 silly audit   '@plotly/mapbox-gl': [ '1.13.4' ],
13 silly audit   '@plotly/point-cluster': [ '3.1.9' ],
13 silly audit   '@plotly/regl': [ '2.1.2' ],
13 silly audit   '@remix-run/router': [ '1.23.2' ],
13 silly audit   '@turf/area': [ '7.3.2' ],
13 silly audit   '@turf/bbox': [ '7.3.2' ],
13 silly audit   '@turf/centroid': [ '7.3.2' ],
13 silly audit   '@turf/helpers': [ '7.3.2' ],
13 silly audit   '@turf/meta': [ '7.3.2' ],
13 silly audit   '@tweenjs/tween.js': [ '25.0.0' ],
13 silly audit   '@types/geojson': [ '7946.0.16' ],
13 silly audit   '@types/geojson-vt': [ '3.2.5' ],
13 silly audit   '@types/mapbox__point-geometry': [ '0.1.4' ],
13 silly audit   '@types/mapbox__vector-tile': [ '1.3.4' ],
13 silly audit   '@types/parse-json': [ '4.0.2' ],
13 silly audit   '@types/pbf': [ '3.0.5' ],
13 silly audit   '@types/react': [ '19.2.9' ],
13 silly audit   '@types/react-transition-group': [ '4.4.12' ],
13 silly audit   '@types/supercluster': [ '7.1.3' ],
13 silly audit   'abs-svg-path': [ '0.1.1' ],
13 silly audit   'accessor-fn': [ '1.5.3' ],
13 silly audit   acorn: [ '7.4.1' ],
13 silly audit   'ag-charts-types': [ '10.3.9' ],
13 silly audit   'ag-grid-community': [ '32.3.9' ],
13 silly audit   'ag-grid-react': [ '32.3.9' ],
13 silly audit   'array-bounds': [ '1.0.1' ],
13 silly audit   'array-find-index': [ '1.0.2' ],
13 silly audit   'array-normalize': [ '1.1.4' ],
13 silly audit   'array-range': [ '1.0.1' ],
13 silly audit   'array-rearrange': [ '2.2.2' ],
13 silly audit   'babel-plugin-macros': [ '3.1.0' ],
13 silly audit   'base64-arraybuffer': [ '1.0.2' ],
13 silly audit   'bezier-js': [ '6.1.4' ],
13 silly audit   'binary-search-bounds': [ '2.0.5' ],
13 silly audit   'bit-twiddle': [ '1.0.2' ],
13 silly audit   'bitmap-sdf': [ '1.0.4' ],
13 silly audit   bl: [ '2.2.1' ],
13 silly audit   'buffer-from': [ '1.1.2' ],
13 silly audit   callsites: [ '3.1.0' ],
13 silly audit   'canvas-color-tracker': [ '1.3.2' ],
13 silly audit   'canvas-fit': [ '1.5.0' ],
13 silly audit   clamp: [ '1.0.1' ],
13 silly audit   'color-alpha': [ '1.0.4' ],
13 silly audit   'color-parse': [ '1.4.3', '2.0.0' ],
13 silly audit   'color-id': [ '1.1.0' ],
13 silly audit   'color-name': [ '1.1.4' ],
13 silly audit   'color-normalize': [ '1.5.0' ],
13 silly audit   'color-rgba': [ '2.4.0', '3.0.0' ],
13 silly audit   'color-space': [ '2.3.2' ],
13 silly audit   commander: [ '2.20.3' ],
13 silly audit   'concat-stream': [ '1.6.2' ],
13 silly audit   'core-util-is': [ '1.0.3' ],
13 silly audit   cosmiconfig: [ '7.1.0' ],
13 silly audit   'country-regex': [ '1.1.0' ],
13 silly audit   'css-font': [ '1.2.0' ],
13 silly audit   'css-font-size-keywords': [ '1.0.0' ],
13 silly audit   'css-font-stretch-keywords': [ '1.0.1' ],
13 silly audit   'css-font-style-keywords': [ '1.0.1' ],
13 silly audit   'css-font-weight-keywords': [ '1.0.0' ],
13 silly audit   'css-global-keywords': [ '1.0.1' ],
13 silly audit   'css-system-font-keywords': [ '1.0.0' ],
13 silly audit   csscolorparser: [ '1.0.3' ],
13 silly audit   csstype: [ '3.2.3' ],
13 silly audit   d: [ '1.0.2' ],
13 silly audit   'd3-array': [ '1.2.4', '3.2.4' ],
13 silly audit   'd3-binarytree': [ '1.0.2' ],
13 silly audit   'd3-collection': [ '1.0.7' ],
13 silly audit   'd3-color': [ '3.1.0' ],
13 silly audit   'd3-dispatch': [ '1.0.6' ],
13 silly audit   'd3-drag': [ '3.0.0' ],
13 silly audit   'd3-ease': [ '3.0.1' ],
13 silly audit   'd3-force': [ '1.2.1' ],
13 silly audit   'd3-force-3d': [ '3.0.6' ],
13 silly audit   'd3-format': [ '1.4.5' ],
13 silly audit   'd3-geo': [ '1.12.1' ],
13 silly audit   'd3-geo-projection': [ '2.9.0' ],
13 silly audit   'd3-hierarchy': [ '1.1.9' ],
13 silly audit   'd3-interpolate': [ '3.0.1' ],
13 silly audit   'd3-octree': [ '1.1.0' ],
13 silly audit   'd3-path': [ '1.0.9' ],
13 silly audit   'd3-quadtree': [ '1.0.7' ],
13 silly audit   'd3-scale': [ '4.0.2' ],
13 silly audit   'd3-scale-chromatic': [ '3.1.0' ],
13 silly audit   'd3-time': [ '3.1.0', '1.1.0' ],
13 silly audit   'd3-selection': [ '3.0.0' ],
13 silly audit   'd3-shape': [ '1.3.7' ],
13 silly audit   'd3-time-format': [ '2.3.0' ],
13 silly audit   'd3-timer': [ '1.0.10' ],
13 silly audit   'd3-transition': [ '3.0.1' ],
13 silly audit   'd3-zoom': [ '3.0.0' ],
13 silly audit   debug: [ '4.4.3', '3.2.7', '2.6.9' ],
13 silly audit   defined: [ '1.0.1' ],
13 silly audit   'detect-kerning': [ '2.1.2' ],
13 silly audit   'dom-helpers': [ '5.2.1' ],
13 silly audit   'draw-svg-path': [ '1.0.0' ],
13 silly audit   dtype: [ '2.0.0' ],
13 silly audit   dup: [ '1.0.0' ],
13 silly audit   duplexify: [ '3.7.1' ],
13 silly audit   earcut: [ '2.2.4', '3.0.2' ],
13 silly audit   'element-size': [ '1.1.1' ],
13 silly audit   'elementary-circuits-directed-graph': [ '1.3.1' ],
13 silly audit   'end-of-stream': [ '1.4.5' ],
13 silly audit   'error-ex': [ '1.3.4' ],
13 silly audit   'es5-ext': [ '0.10.64' ],
13 silly audit   'es6-iterator': [ '2.0.3' ],
13 silly audit   'es6-symbol': [ '3.1.4' ],
13 silly audit   'es6-weak-map': [ '2.0.3' ],
13 silly audit   'escape-string-regexp': [ '4.0.0' ],
13 silly audit   escodegen: [ '2.1.0' ],
13 silly audit   esniff: [ '2.0.1' ],
13 silly audit   esprima: [ '4.0.1' ],
13 silly audit   estraverse: [ '5.3.0' ],
13 silly audit   esutils: [ '2.0.3' ],
13 silly audit   'event-emitter': [ '0.3.5' ],
13 silly audit   events: [ '3.3.0' ],
13 silly audit   ext: [ '1.7.0' ],
13 silly audit   falafel: [ '2.2.5' ],
13 silly audit   'fast-isnumeric': [ '1.1.4' ],
13 silly audit   'find-root': [ '1.1.0' ],
13 silly audit   'flatten-vertex-data': [ '1.0.2' ],
13 silly audit   'float-tooltip': [ '1.7.5' ],
13 silly audit   'font-atlas': [ '2.1.0' ],
13 silly audit   'font-measure': [ '1.2.2' ],
13 silly audit   'force-graph': [ '1.51.1' ],
13 silly audit   from2: [ '2.3.0' ],
13 silly audit   'function-bind': [ '1.1.2' ],
13 silly audit   'geojson-vt': [ '3.2.1', '4.0.2' ],
13 silly audit   'get-canvas-context': [ '1.0.2' ],
13 silly audit   'get-stream': [ '6.0.1' ],
13 silly audit   'gl-mat4': [ '1.2.0' ],
13 silly audit   'gl-matrix': [ '3.4.4' ],
13 silly audit   'gl-text': [ '1.4.0' ],
13 silly audit   'gl-util': [ '3.1.3' ],
13 silly audit   'global-prefix': [ '4.0.0' ],
13 silly audit   'glsl-inject-defines': [ '1.0.3' ],
13 silly audit   'glsl-resolve': [ '0.0.1' ],
13 silly audit   resolve: [ '0.6.3', '1.22.11' ],
13 silly audit   xtend: [ '2.2.0', '4.0.2' ],
13 silly audit   'glsl-token-assignments': [ '2.0.2' ],
13 silly audit   'glsl-token-defines': [ '1.0.0' ],
13 silly audit   'glsl-token-depth': [ '1.1.2' ],
13 silly audit   'glsl-token-descope': [ '1.0.2' ],
13 silly audit   'glsl-token-inject-block': [ '1.1.0' ],
13 silly audit   'glsl-token-properties': [ '1.0.1' ],
13 silly audit   'glsl-token-scope': [ '1.1.2' ],
13 silly audit   'glsl-token-string': [ '1.0.1' ],
13 silly audit   'glsl-token-whitespace-trim': [ '1.0.0' ],
13 silly audit   'glsl-tokenizer': [ '2.1.5' ],
13 silly audit   isarray: [ '0.0.1', '2.0.5', '1.0.0' ],
13 silly audit   'readable-stream': [ '1.0.34', '2.3.8' ],
13 silly audit   string_decoder: [ '0.10.31', '1.1.1' ],
13 silly audit   through2: [ '0.6.5', '2.0.5' ],
13 silly audit   glslify: [ '7.1.1' ],
13 silly audit   'glslify-bundle': [ '5.1.1' ],
13 silly audit   'glslify-deps': [ '1.3.2' ],
13 silly audit   'graceful-fs': [ '4.2.11' ],
13 silly audit   'grid-index': [ '1.1.0' ],
13 silly audit   'has-hover': [ '1.0.1' ],
13 silly audit   'has-passive-events': [ '1.0.0' ],
13 silly audit   hasown: [ '2.0.2' ],
13 silly audit   'hoist-non-react-statics': [ '3.3.2' ],
13 silly audit   'iconv-lite': [ '0.4.24' ],
13 silly audit   ieee754: [ '1.2.1' ],
13 silly audit   'import-fresh': [ '3.3.1' ],
13 silly audit   'index-array-by': [ '1.4.2' ],
13 silly audit   inherits: [ '2.0.4' ],
13 silly audit   ini: [ '4.1.3' ],
13 silly audit   internmap: [ '2.0.3' ],
13 silly audit   'is-arrayish': [ '0.2.1' ],
13 silly audit   'is-browser': [ '2.1.0' ],
13 silly audit   'is-core-module': [ '2.16.1' ],
13 silly audit   'is-finite': [ '1.1.0' ],
13 silly audit   'is-firefox': [ '1.0.3' ],
13 silly audit   'is-iexplorer': [ '1.0.0' ],
13 silly audit   'is-mobile': [ '4.0.0' ],
13 silly audit   'is-obj': [ '1.0.1' ],
13 silly audit   'is-plain-obj': [ '1.1.0' ],
13 silly audit   'is-string-blank': [ '1.0.1' ],
13 silly audit   'is-svg-path': [ '1.0.2' ],
13 silly audit   isexe: [ '3.1.1' ],
13 silly audit   jerrypick: [ '1.1.2' ],
13 silly audit   'js-tokens': [ '4.0.0' ],
13 silly audit   jsesc: [ '3.1.0' ],
13 silly audit   'json-parse-even-better-errors': [ '2.3.1' ],
13 silly audit   'json-stringify-pretty-compact': [ '4.0.0' ],
13 silly audit   kapsule: [ '1.16.3' ],
13 silly audit   kdbush: [ '4.0.2', '3.0.0' ],
13 silly audit   'kind-of': [ '6.0.3' ],
13 silly audit   'lines-and-columns': [ '1.2.4' ],
13 silly audit   'lodash-es': [ '4.17.23' ],
13 silly audit   'lodash.merge': [ '4.6.2' ],
13 silly audit   'loose-envify': [ '1.4.0' ],
13 silly audit   'map-limit': [ '0.0.1' ],
13 silly audit   once: [ '1.3.3', '1.4.0' ],
13 silly audit   'mapbox-gl': [ '1.13.3' ],
13 silly audit   'maplibre-gl': [ '4.7.1' ],
13 silly audit   potpack: [ '2.1.0', '1.0.2' ],
13 silly audit   quickselect: [ '3.0.0', '2.0.0' ],
13 silly audit   supercluster: [ '8.0.1', '7.1.5' ],
13 silly audit   'math-log2': [ '1.0.1' ],
13 silly audit   'memoize-one': [ '6.0.0' ],
13 silly audit   minimist: [ '1.2.8' ],
13 silly audit   'mouse-change': [ '1.4.0' ],
13 silly audit   'mouse-event': [ '1.0.5' ],
13 silly audit   'mouse-event-offset': [ '3.0.2' ],
13 silly audit   'mouse-wheel': [ '1.2.0' ],
13 silly audit   ms: [ '2.1.3', '2.0.0' ],
13 silly audit   'murmurhash-js': [ '1.0.0' ],
13 silly audit   'native-promise-only': [ '0.8.1' ],
13 silly audit   needle: [ '2.9.1' ],
13 silly audit   'next-tick': [ '1.1.0' ],
13 silly audit   'normalize-svg-path': [ '0.1.0', '1.1.0' ],
13 silly audit   'number-is-integer': [ '1.0.1' ],
13 silly audit   'object-assign': [ '4.1.1' ],
13 silly audit   'parent-module': [ '1.0.1' ],
13 silly audit   parenthesis: [ '3.1.8' ],
13 silly audit   'parse-json': [ '5.2.0' ],
13 silly audit   'parse-rect': [ '1.2.0' ],
13 silly audit   'parse-svg-path': [ '0.1.2' ],
13 silly audit   'parse-unit': [ '1.0.1' ],
13 silly audit   'path-parse': [ '1.0.7' ],
13 silly audit   'path-type': [ '4.0.0' ],
13 silly audit   pbf: [ '3.3.0' ],
13 silly audit   'performance-now': [ '2.1.0' ],
13 silly audit   'pick-by-alias': [ '1.2.0' ],
13 silly audit   picocolors: [ '1.1.1' ],
13 silly audit   'plotly.js': [ '3.3.1' ],
13 silly audit   'plotly.js-basic-dist': [ '2.35.3' ],
13 silly audit   'point-in-polygon': [ '1.1.0' ],
13 silly audit   polybooljs: [ '1.2.2' ],
13 silly audit   preact: [ '10.28.3' ],
13 silly audit   'react-is': [ '16.13.1' ],
13 silly audit   'probe-image-size': [ '7.2.3' ],
13 silly audit   'process-nextick-args': [ '2.0.1' ],
13 silly audit   'prop-types': [ '15.8.1' ],
13 silly audit   'protocol-buffers-schema': [ '3.6.0' ],
13 silly audit   raf: [ '3.4.1' ],
13 silly audit   react: [ '18.3.1' ],
13 silly audit   'react-dom': [ '18.3.1' ],
13 silly audit   'react-force-graph-2d': [ '1.29.1' ],
13 silly audit   'react-kapsule': [ '2.5.7' ],
13 silly audit   'react-plotly.js': [ '2.6.0' ],
13 silly audit   'react-router': [ '6.30.3' ],
13 silly audit   'react-router-dom': [ '6.30.3' ],
13 silly audit   'react-select': [ '5.10.2' ],
13 silly audit   'react-transition-group': [ '4.4.5' ],
13 silly audit   'safe-buffer': [ '5.1.2', '5.2.1' ],
13 silly audit   regl: [ '2.1.1' ],
13 silly audit   'regl-error2d': [ '2.0.12' ],
13 silly audit   'regl-line2d': [ '3.1.3' ],
13 silly audit   'regl-scatter2d': [ '3.3.1' ],
13 silly audit   'regl-splom': [ '1.0.14' ],
13 silly audit   'resolve-from': [ '4.0.0' ],
13 silly audit   'resolve-protobuf-schema': [ '2.1.0' ],
13 silly audit   'right-now': [ '1.0.0' ],
13 silly audit   rw: [ '1.3.3' ],
13 silly audit   'safer-buffer': [ '2.1.2' ],
13 silly audit   sax: [ '1.4.4' ],
13 silly audit   scheduler: [ '0.23.2' ],
13 silly audit   'shallow-copy': [ '0.0.1' ],
13 silly audit   signum: [ '1.0.0' ],
13 silly audit   'stack-trace': [ '0.0.9' ],
13 silly audit   'static-eval': [ '2.1.1' ],
13 silly audit   'stream-parser': [ '0.3.1' ],
13 silly audit   'stream-shift': [ '1.0.3' ],
13 silly audit   'string-split-by': [ '1.0.0' ],
13 silly audit   'strongly-connected-components': [ '1.0.1' ],
13 silly audit   stylis: [ '4.2.0' ],
13 silly audit   'superscript-text': [ '1.0.0' ],
13 silly audit   'supports-preserve-symlinks-flag': [ '1.0.0' ],
13 silly audit   'svg-arc-to-cubic-bezier': [ '3.2.0' ],
13 silly audit   'svg-path-bounds': [ '1.0.2' ],
13 silly audit   'svg-path-sdf': [ '1.1.3' ],
13 silly audit   tinycolor2: [ '1.6.0' ],
13 silly audit   'to-float32': [ '1.1.0' ],
13 silly audit   'to-px': [ '1.0.1' ],
13 silly audit   'topojson-client': [ '3.1.0' ],
13 silly audit   tslib: [ '2.8.1' ],
13 silly audit   type: [ '2.7.3' ],
13 silly audit   typedarray: [ '0.0.6' ],
13 silly audit   'typedarray-pool': [ '1.2.0' ],
13 silly audit   unquote: [ '1.1.1' ],
13 silly audit   'update-diff': [ '1.1.0' ],
13 silly audit   'use-isomorphic-layout-effect': [ '1.2.1' ],
13 silly audit   'util-deprecate': [ '1.0.2' ],
13 silly audit   'vt-pbf': [ '3.1.3' ],
13 silly audit   'weak-map': [ '1.0.8' ],
13 silly audit   'webgl-context': [ '2.2.0' ],
13 silly audit   which: [ '4.0.0' ],
13 silly audit   'world-calendars': [ '1.0.4' ],
13 silly audit   wrappy: [ '1.0.2' ],
13 silly audit   yaml: [ '1.10.2' ]
13 silly audit }
14 verbose audit error FetchError: request to https://registry.npmjs.org/-/npm/v1/security/advisories/bulk failed, reason: getaddrinfo ENOTFOUND registry.npmjs.org
14 verbose audit error     at ClientRequest.<anonymous> (/Users/salvo/.nvm/versions/node/v24.13.0/lib/node_modules/npm/node_modules/minipass-fetch/lib/index.js:130:14)
14 verbose audit error     at ClientRequest.emit (node:events:508:28)
14 verbose audit error     at emitErrorEvent (node:_http_client:108:11)
14 verbose audit error     at _destroy (node:_http_client:962:9)
14 verbose audit error     at onSocketNT (node:_http_client:982:5)
14 verbose audit error     at process.processTicksAndRejections (node:internal/process/task_queues:90:21) {
14 verbose audit error   code: 'ENOTFOUND',
14 verbose audit error   errno: 'ENOTFOUND',
14 verbose audit error   syscall: 'getaddrinfo',
14 verbose audit error   hostname: 'registry.npmjs.org',
14 verbose audit error   type: 'system'
14 verbose audit error }
15 silly audit error undefined
16 silly audit report null
17 warn audit request to https://registry.npmjs.org/-/npm/v1/security/advisories/bulk failed, reason: getaddrinfo ENOTFOUND registry.npmjs.org
18 error audit endpoint returned an error
19 verbose cwd /Users/salvo/Development/Role_Mining/frontend
20 verbose os Darwin 24.5.0
21 verbose node v24.13.0
22 verbose npm  v11.6.2
23 verbose exit 1
24 verbose code 1
25 error A complete log of this run can be found in: /Users/salvo/Development/Role_Mining/compliance/.cache/npm/_logs/2026-02-25T16_33_10_702Z-debug-0.log
